// Jest Snapshot v1, https://goo.gl/fbAQLP

exports[`@peanut-ui/peanut-ui-styles/create-keyframes create snapshot 1`] = `"animation-1qbyne4"`;
