// Jest Snapshot v1, https://goo.gl/fbAQLP

exports[`@peanut-ui/peanut-ui-styles/css-global should create or check match snapshot 1`] = `"*{margin:0;padding:0;}"`;
